// Jest Snapshot v1, https://goo.gl/fbAQLP

exports[`NotFound should be render 1`] = `
ShallowWrapper {
  "length": 1,
  Symbol(enzyme.__root__): [Circular],
  Symbol(enzyme.__unrendered__): <NotFound />,
  Symbol(enzyme.__renderer__): Object {
    "batchedUpdates": [Function],
    "getNode": [Function],
    "render": [Function],
    "simulateEvent": [Function],
    "unmount": [Function],
  },
  Symbol(enzyme.__node__): Object {
    "instance": null,
    "key": undefined,
    "nodeType": "host",
    "props": Object {
      "children": Array [
        "404 : ",
        <span>
          Not found
</span>,
      ],
    },
    "ref": null,
    "rendered": Array [
      "404 : ",
      Object {
        "instance": null,
        "key": undefined,
        "nodeType": "host",
        "props": Object {
          "children": "Not found",
        },
        "ref": null,
        "rendered": "Not found",
        "type": "span",
      },
    ],
    "type": "h1",
  },
  Symbol(enzyme.__nodes__): Array [
    Object {
      "instance": null,
      "key": undefined,
      "nodeType": "host",
      "props": Object {
        "children": Array [
          "404 : ",
          <span>
            Not found
</span>,
        ],
      },
      "ref": null,
      "rendered": Array [
        "404 : ",
        Object {
          "instance": null,
          "key": undefined,
          "nodeType": "host",
          "props": Object {
            "children": "Not found",
          },
          "ref": null,
          "rendered": "Not found",
          "type": "span",
        },
      ],
      "type": "h1",
    },
  ],
  Symbol(enzyme.__options__): Object {
    "adapter": ReactSixteenAdapter {
      "options": Object {
        "enableComponentDidUpdateOnSetState": true,
      },
    },
  },
}
`;
